<Definitions xmlns="http://docs.oasis-open.org/tosca/ns/2011/12"
			 xmlns:winery="http://www.opentosca.org/winery/extensions/tosca/2013/02/12" id="empty"
			 targetNamespace="http://www.example.org/empty">
	<Import importType="http://www.w3.org/2001/XMLSchema"
			location="http://localhost:9080/winery/nodetypes/http%253A%252F%252Fwinery.opentosca.org%252Ftest%252Fnodetypes%252Ffruits/baobab/propertiesdefinition/xsd"
			namespace="http://winery.opentosca.org/test/nodetypes/fruits" winery:wpd="true"/>
	<NodeType abstract="no" final="no" name="baobab" targetNamespace="http://winery.opentosca.org/test/nodetypes/fruits"
			  winery:bordercolor="#89ee01">
		<winery:PropertiesDefinition elementname="BaobabProperties"
									 namespace="http://winery.opentosca.org/test/nodetypes/fruits">
			<winery:properties>
				<winery:key>Antioxidants</winery:key>
				<winery:type>xsd:string</winery:type>
			</winery:properties>
			<winery:properties>
				<winery:key>VitaminC</winery:key>
				<winery:type>xsd:decimal</winery:type>
			</winery:properties>
			<winery:properties>
				<winery:key>Potassium</winery:key>
				<winery:type>xsd:float</winery:type>
			</winery:properties>
			<winery:properties>
				<winery:key>Superfood</winery:key>
				<winery:type>xsd:boolean</winery:type>
			</winery:properties>
			<winery:properties>
				<winery:key>HarvestedAt</winery:key>
				<winery:type>xsd:anyURI</winery:type>
			</winery:properties>
		</winery:PropertiesDefinition>
		<PropertiesDefinition xmlns:fruits="http://winery.opentosca.org/test/nodetypes/fruits"
							  type="fruits:BaobabProperties"/>
	</NodeType>
</Definitions>
